09:40:17.199 INFO  [main] [] i.a.q.c.l.SuiteLifecycleListener - 
══════════════════════════════════════════════════════════════
 ATLAS — suite 'ATLAS · regression'
══════════════════════════════════════════════════════════════
09:40:17.202 DEBUG [main] [] i.a.q.c.c.ConfigLoader - Loaded 22 keys from config/atlas.properties
09:40:17.203 DEBUG [main] [] i.a.q.c.c.ConfigLoader - Loaded 2 keys from config/atlas-sandbox.properties
09:40:17.206 INFO  [main] [] i.a.q.c.c.ConfigLoader - Configuration resolved for environment 'sandbox' (22 keys)
09:40:17.206 INFO  [main] [] i.a.q.c.l.SuiteLifecycleListener -   browser = chrome
09:40:17.207 INFO  [main] [] i.a.q.c.l.SuiteLifecycleListener -   credentials.password = ********
09:40:17.207 INFO  [main] [] i.a.q.c.l.SuiteLifecycleListener -   credentials.username = standard_user
09:40:17.207 INFO  [main] [] i.a.q.c.l.SuiteLifecycleListener -   env = sandbox
09:40:17.207 INFO  [main] [] i.a.q.c.l.SuiteLifecycleListener -   gridUrl = http://localhost:4444/wd/hub
09:40:17.207 INFO  [main] [] i.a.q.c.l.SuiteLifecycleListener -   headless = true
09:40:17.208 INFO  [main] [] i.a.q.c.l.SuiteLifecycleListener -   locator.selfHealing = true
09:40:17.208 INFO  [main] [] i.a.q.c.l.SuiteLifecycleListener -   remote = false
09:40:17.208 INFO  [main] [] i.a.q.c.l.SuiteLifecycleListener -   report.author = QA Automation
09:40:17.208 INFO  [main] [] i.a.q.c.l.SuiteLifecycleListener -   report.directory = target/atlas-report
09:40:17.208 INFO  [main] [] i.a.q.c.l.SuiteLifecycleListener -   report.screenshotOnFailure = true
09:40:17.208 INFO  [main] [] i.a.q.c.l.SuiteLifecycleListener -   report.screenshotOnStep = false
09:40:17.209 INFO  [main] [] i.a.q.c.l.SuiteLifecycleListener -   report.title = ATLAS â Automation Report
09:40:17.209 INFO  [main] [] i.a.q.c.l.SuiteLifecycleListener -   retry.count = 1
09:40:17.209 INFO  [main] [] i.a.q.c.l.SuiteLifecycleListener -   sandbox.advertisedHost = 127.0.0.1
09:40:17.209 INFO  [main] [] i.a.q.c.l.SuiteLifecycleListener -   sandbox.bindAddress = 127.0.0.1
09:40:17.209 INFO  [main] [] i.a.q.c.l.SuiteLifecycleListener -   sandbox.port = 0
09:40:17.210 INFO  [main] [] i.a.q.c.l.SuiteLifecycleListener -   timeout.explicit = 15
09:40:17.210 INFO  [main] [] i.a.q.c.l.SuiteLifecycleListener -   timeout.pageLoad = 40
09:40:17.210 INFO  [main] [] i.a.q.c.l.SuiteLifecycleListener -   timeout.pollingMillis = 200
09:40:17.210 INFO  [main] [] i.a.q.c.l.SuiteLifecycleListener -   timeout.script = 30
09:40:17.210 INFO  [main] [] i.a.q.c.l.SuiteLifecycleListener -   window.size = 1920,1080
09:40:17.334 INFO  [main] [] i.a.q.c.s.SandboxServer - Sandbox application under test started on http://127.0.0.1:46265
09:40:17.335 INFO  [main] [] i.a.q.c.l.SuiteLifecycleListener -   application under test = http://127.0.0.1:46265
09:40:17.560 INFO  [main] [] i.a.q.c.r.ReportManager - HTML report will be written to /home/runner/work/atlas-test-framework/atlas-test-framework/target/atlas-report/index.html
09:40:21.419 INFO  [TestNG-test-User interface-5] [] i.a.q.c.d.DriverFactory - Session started | browser=chrome | headless=true | remote=false
09:40:21.423 INFO  [TestNG-test-User interface-6] [] i.a.q.c.d.DriverFactory - Session started | browser=chrome | headless=true | remote=false
09:40:21.425 INFO  [TestNG-test-User interface-1] [] i.a.q.c.d.DriverFactory - Session started | browser=chrome | headless=true | remote=false
09:40:21.427 INFO  [TestNG-test-User interface-3] [] i.a.q.c.d.DriverFactory - Session started | browser=chrome | headless=true | remote=false
09:40:21.433 INFO  [TestNG-test-User interface-2] [] i.a.q.c.d.DriverFactory - Session started | browser=chrome | headless=true | remote=false
09:40:21.435 INFO  [TestNG-test-User interface-4] [] i.a.q.c.d.DriverFactory - Session started | browser=chrome | headless=true | remote=false
09:40:21.986 DEBUG [TestNG-test-User interface-2] [] i.a.q.c.d.DriverManager - Active sessions: 1
09:40:21.987 DEBUG [TestNG-test-User interface-2] [] i.a.q.c.r.ReportManager - [no report bound] Browser session started on chrome (local)
09:40:21.987 DEBUG [TestNG-test-User interface-1] [] i.a.q.c.d.DriverManager - Active sessions: 2
09:40:21.988 DEBUG [TestNG-test-User interface-3] [] i.a.q.c.d.DriverManager - Active sessions: 3
09:40:21.988 DEBUG [TestNG-test-User interface-1] [] i.a.q.c.r.ReportManager - [no report bound] Browser session started on chrome (local)
09:40:21.988 DEBUG [TestNG-test-User interface-3] [] i.a.q.c.r.ReportManager - [no report bound] Browser session started on chrome (local)
09:40:21.988 DEBUG [TestNG-test-User interface-4] [] i.a.q.c.d.DriverManager - Active sessions: 4
09:40:21.988 DEBUG [TestNG-test-User interface-4] [] i.a.q.c.r.ReportManager - [no report bound] Browser session started on chrome (local)
09:40:21.989 DEBUG [TestNG-test-User interface-6] [] i.a.q.c.d.DriverManager - Active sessions: 5
09:40:21.990 DEBUG [TestNG-test-User interface-6] [] i.a.q.c.r.ReportManager - [no report bound] Browser session started on chrome (local)
09:40:21.991 DEBUG [TestNG-test-User interface-5] [] i.a.q.c.d.DriverManager - Active sessions: 6
09:40:21.991 DEBUG [TestNG-test-User interface-5] [] i.a.q.c.r.ReportManager - [no report bound] Browser session started on chrome (local)
09:40:21.998 INFO  [TestNG-test-User interface-1] [addingProductsUpdatesTheCart] i.a.q.c.l.TestReportListener - ──────── START addingProductsUpdatesTheCart ────────
09:40:21.998 INFO  [TestNG-test-User interface-6] [deferredRenderingIsAwaited] i.a.q.c.l.TestReportListener - ──────── START deferredRenderingIsAwaited ────────
09:40:21.998 INFO  [TestNG-test-User interface-4] [outOfStockProductCannotBeAdded] i.a.q.c.l.TestReportListener - ──────── START outOfStockProductCannotBeAdded ────────
09:40:21.998 INFO  [TestNG-test-User interface-3] [filteringByCategoryNarrowsTheGrid] i.a.q.c.l.TestReportListener - ──────── START filteringByCategoryNarrowsTheGrid ────────
09:40:21.998 INFO  [TestNG-test-User interface-5] [sortingByPriceIsApplied] i.a.q.c.l.TestReportListener - ──────── START sortingByPriceIsApplied ────────
09:40:21.998 INFO  [TestNG-test-User interface-2] [catalogueFinishesLoading] i.a.q.c.l.TestReportListener - ──────── START catalogueFinishesLoading ────────
09:40:22.553 INFO  [TestNG-test-User interface-6] [deferredRenderingIsAwaited] WebDriver - navigated to http://127.0.0.1:46265/widgets.html
09:40:22.557 INFO  [TestNG-test-User interface-2] [catalogueFinishesLoading] WebDriver - navigated to http://127.0.0.1:46265/index.html
09:40:22.559 INFO  [TestNG-test-User interface-4] [outOfStockProductCannotBeAdded] WebDriver - navigated to http://127.0.0.1:46265/index.html
09:40:22.568 INFO  [TestNG-test-User interface-5] [sortingByPriceIsApplied] WebDriver - navigated to http://127.0.0.1:46265/index.html
09:40:22.569 INFO  [TestNG-test-User interface-1] [addingProductsUpdatesTheCart] WebDriver - navigated to http://127.0.0.1:46265/index.html
09:40:22.619 INFO  [TestNG-test-User interface-3] [filteringByCategoryNarrowsTheGrid] WebDriver - navigated to http://127.0.0.1:46265/index.html
09:40:22.733 DEBUG [TestNG-test-User interface-5] [sortingByPriceIsApplied] i.a.q.s.p.LoginPage - 'Login Page' loaded at http://127.0.0.1:46265/index.html
09:40:22.751 DEBUG [TestNG-test-User interface-6] [deferredRenderingIsAwaited] i.a.q.s.p.PlaygroundPage - 'Playground Page' loaded at http://127.0.0.1:46265/widgets.html
09:40:22.776 DEBUG [TestNG-test-User interface-2] [catalogueFinishesLoading] i.a.q.s.p.LoginPage - 'Login Page' loaded at http://127.0.0.1:46265/index.html
09:40:22.778 DEBUG [TestNG-test-User interface-3] [filteringByCategoryNarrowsTheGrid] i.a.q.s.p.LoginPage - 'Login Page' loaded at http://127.0.0.1:46265/index.html
09:40:22.799 DEBUG [TestNG-test-User interface-4] [outOfStockProductCannotBeAdded] i.a.q.s.p.LoginPage - 'Login Page' loaded at http://127.0.0.1:46265/index.html
09:40:22.801 DEBUG [TestNG-test-User interface-1] [addingProductsUpdatesTheCart] i.a.q.s.p.LoginPage - 'Login Page' loaded at http://127.0.0.1:46265/index.html
09:40:22.973 DEBUG [TestNG-test-User interface-6] [deferredRenderingIsAwaited] i.a.q.c.e.UiElement - click on 'Playground: start job'
09:40:23.054 DEBUG [TestNG-test-User interface-6] [deferredRenderingIsAwaited] i.a.q.c.e.UiElement - read text on 'Playground: job status'
09:40:23.164 DEBUG [TestNG-test-User interface-3] [filteringByCategoryNarrowsTheGrid] i.a.q.c.e.UiElement - type 'standard_user' on 'Login: username field'
09:40:23.176 DEBUG [TestNG-test-User interface-5] [sortingByPriceIsApplied] i.a.q.c.e.UiElement - type 'standard_user' on 'Login: username field'
09:40:23.178 DEBUG [TestNG-test-User interface-1] [addingProductsUpdatesTheCart] i.a.q.c.e.UiElement - type 'standard_user' on 'Login: username field'
09:40:23.181 DEBUG [TestNG-test-User interface-4] [outOfStockProductCannotBeAdded] i.a.q.c.e.UiElement - type 'standard_user' on 'Login: username field'
09:40:23.189 DEBUG [TestNG-test-User interface-2] [catalogueFinishesLoading] i.a.q.c.e.UiElement - type 'standard_user' on 'Login: username field'
09:40:23.332 DEBUG [TestNG-test-User interface-6] [deferredRenderingIsAwaited] i.a.q.c.e.UiElement - read text on 'Playground: job status'
09:40:23.376 DEBUG [TestNG-test-User interface-3] [filteringByCategoryNarrowsTheGrid] i.a.q.c.e.UiElement - type '********' on 'Login: password field'
09:40:23.404 DEBUG [TestNG-test-User interface-5] [sortingByPriceIsApplied] i.a.q.c.e.UiElement - type '********' on 'Login: password field'
09:40:23.407 DEBUG [TestNG-test-User interface-1] [addingProductsUpdatesTheCart] i.a.q.c.e.UiElement - type '********' on 'Login: password field'
09:40:23.416 DEBUG [TestNG-test-User interface-2] [catalogueFinishesLoading] i.a.q.c.e.UiElement - type '********' on 'Login: password field'
09:40:23.417 DEBUG [TestNG-test-User interface-4] [outOfStockProductCannotBeAdded] i.a.q.c.e.UiElement - type '********' on 'Login: password field'
09:40:23.420 WARN  [TestNG-test-User interface-3] [filteringByCategoryNarrowsTheGrid] i.a.q.c.e.HealingLedger - [HEALED] Login: sign in button — primary strategy failed (By.id: btn-login), recovered with fallback #1 (By.cssSelector: [data-testid='login-submit'])
09:40:23.473 WARN  [TestNG-test-User interface-1] [addingProductsUpdatesTheCart] i.a.q.c.e.HealingLedger - [HEALED] Login: sign in button — primary strategy failed (By.id: btn-login), recovered with fallback #1 (By.cssSelector: [data-testid='login-submit'])
09:40:23.487 WARN  [TestNG-test-User interface-4] [outOfStockProductCannotBeAdded] i.a.q.c.e.HealingLedger - [HEALED] Login: sign in button — primary strategy failed (By.id: btn-login), recovered with fallback #1 (By.cssSelector: [data-testid='login-submit'])
09:40:23.496 WARN  [TestNG-test-User interface-5] [sortingByPriceIsApplied] i.a.q.c.e.HealingLedger - [HEALED] Login: sign in button — primary strategy failed (By.id: btn-login), recovered with fallback #1 (By.cssSelector: [data-testid='login-submit'])
09:40:23.498 WARN  [TestNG-test-User interface-2] [catalogueFinishesLoading] i.a.q.c.e.HealingLedger - [HEALED] Login: sign in button — primary strategy failed (By.id: btn-login), recovered with fallback #1 (By.cssSelector: [data-testid='login-submit'])
09:40:23.542 DEBUG [TestNG-test-User interface-3] [filteringByCategoryNarrowsTheGrid] i.a.q.c.e.UiElement - click on 'Login: sign in button'
09:40:23.565 DEBUG [TestNG-test-User interface-5] [sortingByPriceIsApplied] i.a.q.c.e.UiElement - click on 'Login: sign in button'
09:40:23.576 DEBUG [TestNG-test-User interface-1] [addingProductsUpdatesTheCart] i.a.q.c.e.UiElement - click on 'Login: sign in button'
09:40:23.609 DEBUG [TestNG-test-User interface-6] [deferredRenderingIsAwaited] i.a.q.c.e.UiElement - read text on 'Playground: job status'
09:40:23.621 DEBUG [TestNG-test-User interface-4] [outOfStockProductCannotBeAdded] i.a.q.c.e.UiElement - click on 'Login: sign in button'
09:40:23.637 DEBUG [TestNG-test-User interface-2] [catalogueFinishesLoading] i.a.q.c.e.UiElement - click on 'Login: sign in button'
09:40:23.900 DEBUG [TestNG-test-User interface-6] [deferredRenderingIsAwaited] i.a.q.c.e.UiElement - read text on 'Playground: job status'
09:40:24.137 DEBUG [TestNG-test-User interface-6] [deferredRenderingIsAwaited] i.a.q.c.e.UiElement - read text on 'Playground: job status'
09:40:24.261 DEBUG [TestNG-test-User interface-3] [filteringByCategoryNarrowsTheGrid] i.a.q.s.p.InventoryPage - 'Inventory Page' loaded at http://127.0.0.1:46265/inventory.html
09:40:24.410 DEBUG [TestNG-test-User interface-4] [outOfStockProductCannotBeAdded] i.a.q.s.p.InventoryPage - 'Inventory Page' loaded at http://127.0.0.1:46265/inventory.html
09:40:24.416 DEBUG [TestNG-test-User interface-6] [deferredRenderingIsAwaited] i.a.q.c.e.UiElement - read text on 'Playground: job status'
09:40:24.438 DEBUG [TestNG-test-User interface-3] [filteringByCategoryNarrowsTheGrid] i.a.q.c.e.UiElement - select 'Equipment' on 'Catalogue: category filter'
09:40:24.450 DEBUG [TestNG-test-User interface-4] [outOfStockProductCannotBeAdded] i.a.q.c.e.UiElement - read text on 'Catalogue: stock label of 'Granite Trekking Poles''
09:40:24.530 DEBUG [TestNG-test-User interface-4] [outOfStockProductCannotBeAdded] i.a.q.c.e.UiElement - read enabled state on 'Catalogue: add 'Granite Trekking Poles' to cart'
09:40:24.533 INFO  [TestNG-test-User interface-4] [outOfStockProductCannotBeAdded] i.a.q.c.l.TestReportListener - ──────── PASS  outOfStockProductCannotBeAdded (2542 ms) ────────
09:40:24.595 INFO  [TestNG-test-User interface-3] [filteringByCategoryNarrowsTheGrid] i.a.q.c.l.TestReportListener - ──────── PASS  filteringByCategoryNarrowsTheGrid (2605 ms) ────────
09:40:24.646 DEBUG [TestNG-test-User interface-6] [deferredRenderingIsAwaited] i.a.q.c.e.UiElement - read text on 'Playground: job status'
09:40:24.646 DEBUG [TestNG-test-User interface-2] [catalogueFinishesLoading] i.a.q.s.p.InventoryPage - 'Inventory Page' loaded at http://127.0.0.1:46265/inventory.html
09:40:24.669 DEBUG [TestNG-test-User interface-4] [outOfStockProductCannotBeAdded] i.a.q.c.d.DriverManager - Active sessions: 5
09:40:24.735 DEBUG [TestNG-test-User interface-1] [addingProductsUpdatesTheCart] i.a.q.s.p.InventoryPage - 'Inventory Page' loaded at http://127.0.0.1:46265/inventory.html
09:40:24.776 DEBUG [TestNG-test-User interface-3] [filteringByCategoryNarrowsTheGrid] i.a.q.c.d.DriverManager - Active sessions: 4
09:40:24.781 DEBUG [TestNG-test-User interface-5] [sortingByPriceIsApplied] i.a.q.s.p.InventoryPage - 'Inventory Page' loaded at http://127.0.0.1:46265/inventory.html
09:40:24.916 DEBUG [TestNG-test-User interface-6] [deferredRenderingIsAwaited] i.a.q.c.e.UiElement - read text on 'Playground: job status'
09:40:24.940 DEBUG [TestNG-test-User interface-5] [sortingByPriceIsApplied] i.a.q.c.e.UiElement - select 'Price (high → low)' on 'Catalogue: sort order'
09:40:25.123 INFO  [TestNG-test-User interface-5] [sortingByPriceIsApplied] i.a.q.c.l.TestReportListener - ──────── PASS  sortingByPriceIsApplied (3130 ms) ────────
09:40:25.255 DEBUG [TestNG-test-User interface-6] [deferredRenderingIsAwaited] i.a.q.c.e.UiElement - read text on 'Playground: job status'
09:40:25.293 DEBUG [TestNG-test-User interface-5] [sortingByPriceIsApplied] i.a.q.c.d.DriverManager - Active sessions: 3
09:40:25.408 DEBUG [TestNG-test-User interface-6] [deferredRenderingIsAwaited] i.a.q.c.e.UiElement - read text on 'Playground: job result'
09:40:25.409 INFO  [TestNG-test-User interface-6] [deferredRenderingIsAwaited] i.a.q.c.l.TestReportListener - ──────── PASS  deferredRenderingIsAwaited (3419 ms) ────────
09:40:25.593 INFO  [TestNG-test-User interface-4] [outOfStockProductCannotBeAdded] i.a.q.c.d.DriverFactory - Session started | browser=chrome | headless=true | remote=false
09:40:25.642 DEBUG [TestNG-test-User interface-6] [deferredRenderingIsAwaited] i.a.q.c.d.DriverManager - Active sessions: 2
09:40:25.670 DEBUG [TestNG-test-User interface-4] [outOfStockProductCannotBeAdded] i.a.q.c.d.DriverManager - Active sessions: 3
09:40:25.670 DEBUG [TestNG-test-User interface-4] [outOfStockProductCannotBeAdded] i.a.q.c.r.ReportManager - [no report bound] Browser session started on chrome (local)
09:40:25.673 INFO  [TestNG-test-User interface-4] [fileIsUploaded] i.a.q.c.l.TestReportListener - ──────── START fileIsUploaded ────────
09:40:25.955 INFO  [TestNG-test-User interface-3] [filteringByCategoryNarrowsTheGrid] i.a.q.c.d.DriverFactory - Session started | browser=chrome | headless=true | remote=false
09:40:26.023 DEBUG [TestNG-test-User interface-3] [filteringByCategoryNarrowsTheGrid] i.a.q.c.d.DriverManager - Active sessions: 4
09:40:26.023 DEBUG [TestNG-test-User interface-3] [filteringByCategoryNarrowsTheGrid] i.a.q.c.r.ReportManager - [no report bound] Browser session started on chrome (local)
09:40:26.024 INFO  [TestNG-test-User interface-4] [fileIsUploaded] WebDriver - navigated to http://127.0.0.1:46265/widgets.html
09:40:26.029 INFO  [TestNG-test-User interface-3] [iframeContentIsReachable] i.a.q.c.l.TestReportListener - ──────── START iframeContentIsReachable ────────
09:40:26.195 DEBUG [TestNG-test-User interface-4] [fileIsUploaded] i.a.q.s.p.PlaygroundPage - 'Playground Page' loaded at http://127.0.0.1:46265/widgets.html
09:40:26.285 INFO  [TestNG-test-User interface-3] [iframeContentIsReachable] WebDriver - navigated to http://127.0.0.1:46265/widgets.html
09:40:26.461 DEBUG [TestNG-test-User interface-4] [fileIsUploaded] i.a.q.c.e.UiElement - read text on 'Playground: selected file name'
09:40:26.510 INFO  [TestNG-test-User interface-5] [sortingByPriceIsApplied] i.a.q.c.d.DriverFactory - Session started | browser=chrome | headless=true | remote=false
09:40:26.538 DEBUG [TestNG-test-User interface-3] [iframeContentIsReachable] i.a.q.s.p.PlaygroundPage - 'Playground Page' loaded at http://127.0.0.1:46265/widgets.html
09:40:26.557 DEBUG [TestNG-test-User interface-5] [sortingByPriceIsApplied] i.a.q.c.d.DriverManager - Active sessions: 5
09:40:26.557 DEBUG [TestNG-test-User interface-5] [sortingByPriceIsApplied] i.a.q.c.r.ReportManager - [no report bound] Browser session started on chrome (local)
09:40:26.561 DEBUG [TestNG-test-User interface-4] [fileIsUploaded] i.a.q.c.e.UiElement - read text on 'Playground: selected file name'
09:40:26.558 INFO  [TestNG-test-User interface-5] [nativeDialogsAreHandled] i.a.q.c.l.TestReportListener - ──────── START nativeDialogsAreHandled ────────
09:40:26.562 INFO  [TestNG-test-User interface-4] [fileIsUploaded] i.a.q.c.l.TestReportListener - ──────── PASS  fileIsUploaded (890 ms) ────────
09:40:26.733 DEBUG [TestNG-test-User interface-4] [fileIsUploaded] i.a.q.c.d.DriverManager - Active sessions: 4
09:40:26.735 DEBUG [TestNG-test-User interface-3] [iframeContentIsReachable] i.a.q.s.p.PlaygroundPage - Switched into frame 'Playground: content frame'
09:40:26.906 INFO  [TestNG-test-User interface-5] [nativeDialogsAreHandled] WebDriver - navigated to http://127.0.0.1:46265/widgets.html
09:40:27.054 INFO  [TestNG-test-User interface-6] [deferredRenderingIsAwaited] i.a.q.c.d.DriverFactory - Session started | browser=chrome | headless=true | remote=false
09:40:27.084 DEBUG [TestNG-test-User interface-6] [deferredRenderingIsAwaited] i.a.q.c.d.DriverManager - Active sessions: 5
09:40:27.084 DEBUG [TestNG-test-User interface-6] [deferredRenderingIsAwaited] i.a.q.c.r.ReportManager - [no report bound] Browser session started on chrome (local)
09:40:27.100 INFO  [TestNG-test-User interface-6] [secondWindowIsReadAndClosed] i.a.q.c.l.TestReportListener - ──────── START secondWindowIsReadAndClosed ────────
09:40:27.146 DEBUG [TestNG-test-User interface-5] [nativeDialogsAreHandled] i.a.q.s.p.PlaygroundPage - 'Playground Page' loaded at http://127.0.0.1:46265/widgets.html
09:40:27.214 DEBUG [TestNG-test-User interface-1] [addingProductsUpdatesTheCart] i.a.q.c.e.UiElement - click on 'Catalogue: add 'Summit Down Jacket' to cart'
09:40:27.269 DEBUG [TestNG-test-User interface-3] [iframeContentIsReachable] i.a.q.c.e.UiElement - click on 'Frame: acknowledge'
09:40:27.343 DEBUG [TestNG-test-User interface-3] [iframeContentIsReachable] i.a.q.c.e.UiElement - read text on 'Frame: body text'
09:40:27.353 DEBUG [TestNG-test-User interface-1] [addingProductsUpdatesTheCart] i.a.q.c.e.UiElement - read text on 'Header: cart badge'
09:40:27.363 INFO  [TestNG-test-User interface-6] [secondWindowIsReadAndClosed] WebDriver - navigated to http://127.0.0.1:46265/widgets.html
09:40:27.419 DEBUG [TestNG-test-User interface-3] [iframeContentIsReachable] i.a.q.c.e.UiElement - read text on 'Playground: dialog outcome'
09:40:27.425 INFO  [TestNG-test-User interface-3] [iframeContentIsReachable] i.a.q.c.l.TestReportListener - ──────── PASS  iframeContentIsReachable (1401 ms) ────────
09:40:27.485 DEBUG [TestNG-test-User interface-1] [addingProductsUpdatesTheCart] i.a.q.c.e.UiElement - read text on 'Header: cart badge'
09:40:27.537 DEBUG [TestNG-test-User interface-5] [nativeDialogsAreHandled] i.a.q.c.e.UiElement - click on 'Playground: alert trigger'
09:40:27.548 DEBUG [TestNG-test-User interface-6] [secondWindowIsReadAndClosed] i.a.q.s.p.PlaygroundPage - 'Playground Page' loaded at http://127.0.0.1:46265/widgets.html
09:40:27.606 DEBUG [TestNG-test-User interface-3] [iframeContentIsReachable] i.a.q.c.d.DriverManager - Active sessions: 4
09:40:27.718 DEBUG [TestNG-test-User interface-1] [addingProductsUpdatesTheCart] i.a.q.c.e.UiElement - click on 'Catalogue: add 'Basecamp Headlamp 600' to cart'
09:40:27.858 DEBUG [TestNG-test-User interface-5] [nativeDialogsAreHandled] i.a.q.c.e.UiElement - read text on 'Playground: dialog outcome'
09:40:27.903 DEBUG [TestNG-test-User interface-1] [addingProductsUpdatesTheCart] i.a.q.c.e.UiElement - read text on 'Header: cart badge'
09:40:27.923 INFO  [TestNG-test-User interface-4] [fileIsUploaded] i.a.q.c.d.DriverFactory - Session started | browser=chrome | headless=true | remote=false
09:40:27.959 DEBUG [TestNG-test-User interface-6] [secondWindowIsReadAndClosed] i.a.q.c.e.UiElement - click on 'Playground: open a second tab'
09:40:27.994 DEBUG [TestNG-test-User interface-4] [fileIsUploaded] i.a.q.c.d.DriverManager - Active sessions: 5
09:40:28.000 DEBUG [TestNG-test-User interface-4] [fileIsUploaded] i.a.q.c.r.ReportManager - [no report bound] Browser session started on chrome (local)
09:40:28.001 INFO  [TestNG-test-User interface-4] [shadowDomComponentIsDriven] i.a.q.c.l.TestReportListener - ──────── START shadowDomComponentIsDriven ────────
09:40:28.084 DEBUG [TestNG-test-User interface-1] [addingProductsUpdatesTheCart] i.a.q.c.e.UiElement - read text on 'Header: cart badge'
09:40:28.135 DEBUG [TestNG-test-User interface-5] [nativeDialogsAreHandled] i.a.q.c.e.UiElement - click on 'Playground: confirm trigger'
09:40:28.241 DEBUG [TestNG-test-User interface-6] [secondWindowIsReadAndClosed] i.a.q.c.e.UiElement - read text on 'Second tab: heading'
09:40:28.350 DEBUG [TestNG-test-User interface-1] [addingProductsUpdatesTheCart] i.a.q.c.e.UiElement - click on 'Catalogue: add 'Summit Down Jacket' to cart'
09:40:28.382 DEBUG [TestNG-test-User interface-5] [nativeDialogsAreHandled] i.a.q.c.e.UiElement - read text on 'Playground: dialog outcome'
09:40:28.418 INFO  [TestNG-test-User interface-4] [shadowDomComponentIsDriven] WebDriver - navigated to http://127.0.0.1:46265/widgets.html
09:40:28.447 DEBUG [TestNG-test-User interface-1] [addingProductsUpdatesTheCart] i.a.q.c.e.UiElement - read text on 'Header: cart badge'
09:40:28.493 INFO  [TestNG-test-User interface-6] [secondWindowIsReadAndClosed] i.a.q.c.l.TestReportListener - ──────── PASS  secondWindowIsReadAndClosed (1392 ms) ────────
09:40:28.508 DEBUG [TestNG-test-User interface-4] [shadowDomComponentIsDriven] i.a.q.s.p.PlaygroundPage - 'Playground Page' loaded at http://127.0.0.1:46265/widgets.html
09:40:28.628 DEBUG [TestNG-test-User interface-5] [nativeDialogsAreHandled] i.a.q.c.e.UiElement - click on 'Playground: prompt trigger'
09:40:28.629 DEBUG [TestNG-test-User interface-1] [addingProductsUpdatesTheCart] i.a.q.c.e.UiElement - read text on 'Header: cart badge'
09:40:28.641 DEBUG [TestNG-test-User interface-6] [secondWindowIsReadAndClosed] i.a.q.c.d.DriverManager - Active sessions: 4
09:40:28.735 DEBUG [TestNG-test-User interface-5] [nativeDialogsAreHandled] i.a.q.c.e.UiElement - read text on 'Playground: dialog outcome'
09:40:28.739 INFO  [TestNG-test-User interface-5] [nativeDialogsAreHandled] i.a.q.c.l.TestReportListener - ──────── PASS  nativeDialogsAreHandled (2177 ms) ────────
09:40:28.787 INFO  [TestNG-test-User interface-3] [iframeContentIsReachable] i.a.q.c.d.DriverFactory - Session started | browser=chrome | headless=true | remote=false
09:40:28.823 DEBUG [TestNG-test-User interface-3] [iframeContentIsReachable] i.a.q.c.d.DriverManager - Active sessions: 5
09:40:28.824 DEBUG [TestNG-test-User interface-3] [iframeContentIsReachable] i.a.q.c.r.ReportManager - [no report bound] Browser session started on chrome (local)
09:40:28.833 INFO  [TestNG-test-User interface-3] [tableSortsNumerically] i.a.q.c.l.TestReportListener - ──────── START tableSortsNumerically ────────
09:40:28.915 DEBUG [TestNG-test-User interface-5] [nativeDialogsAreHandled] i.a.q.c.d.DriverManager - Active sessions: 4
09:40:29.145 DEBUG [TestNG-test-User interface-1] [addingProductsUpdatesTheCart] i.a.q.c.e.UiElement - click on 'Header: cart link'
09:40:29.183 INFO  [TestNG-test-User interface-3] [tableSortsNumerically] WebDriver - navigated to http://127.0.0.1:46265/widgets.html
09:40:29.250 DEBUG [TestNG-test-User interface-1] [addingProductsUpdatesTheCart] i.a.q.s.p.CartPage - 'Cart Page' loaded at http://127.0.0.1:46265/cart.html
09:40:29.369 DEBUG [TestNG-test-User interface-3] [tableSortsNumerically] i.a.q.s.p.PlaygroundPage - 'Playground Page' loaded at http://127.0.0.1:46265/widgets.html
09:40:29.391 DEBUG [TestNG-test-User interface-1] [addingProductsUpdatesTheCart] i.a.q.c.e.UiElement - read text on 'Cart: quantity of 'Summit Down Jacket''
09:40:29.506 INFO  [TestNG-test-User interface-1] [addingProductsUpdatesTheCart] i.a.q.c.l.TestReportListener - ──────── PASS  addingProductsUpdatesTheCart (7515 ms) ────────
09:40:29.585 INFO  [TestNG-test-User interface-4] [shadowDomComponentIsDriven] i.a.q.c.l.TestReportListener - ──────── PASS  shadowDomComponentIsDriven (1584 ms) ────────
09:40:29.823 DEBUG [TestNG-test-User interface-1] [addingProductsUpdatesTheCart] i.a.q.c.d.DriverManager - Active sessions: 3
09:40:29.909 DEBUG [TestNG-test-User interface-4] [shadowDomComponentIsDriven] i.a.q.c.d.DriverManager - Active sessions: 2
09:40:29.966 DEBUG [TestNG-test-User interface-3] [tableSortsNumerically] i.a.q.c.e.UiElement - click on 'Playground: amount column header'
09:40:30.016 DEBUG [TestNG-test-User interface-2] [catalogueFinishesLoading] i.a.q.c.e.UiElement - read text on 'Catalogue: result count'
09:40:30.017 INFO  [TestNG-test-User interface-2] [catalogueFinishesLoading] i.a.q.c.l.TestReportListener - ──────── PASS  catalogueFinishesLoading (8027 ms) ────────
09:40:30.220 INFO  [TestNG-test-User interface-3] [tableSortsNumerically] i.a.q.c.l.TestReportListener - ──────── PASS  tableSortsNumerically (1395 ms) ────────
09:40:30.374 DEBUG [TestNG-test-User interface-2] [catalogueFinishesLoading] i.a.q.c.d.DriverManager - Active sessions: 1
09:40:30.529 DEBUG [TestNG-test-User interface-3] [tableSortsNumerically] i.a.q.c.d.DriverManager - Active sessions: 0
09:40:31.304 INFO  [TestNG-PoolService-6] [] i.a.q.c.d.DriverFactory - Session started | browser=chrome | headless=true | remote=false
09:40:31.518 INFO  [TestNG-test-User interface-5] [nativeDialogsAreHandled] i.a.q.c.d.DriverFactory - Session started | browser=chrome | headless=true | remote=false
09:40:31.542 DEBUG [TestNG-PoolService-6] [] i.a.q.c.d.DriverManager - Active sessions: 1
09:40:31.543 DEBUG [TestNG-PoolService-6] [] i.a.q.c.r.ReportManager - [no report bound] Browser session started on chrome (local)
09:40:31.579 INFO  [TestNG-PoolService-6] [rejectedSignIn [credentials are case sensitive]] i.a.q.c.l.TestReportListener - ──────── START rejectedSignIn [credentials are case sensitive] ────────
09:40:31.601 INFO  [TestNG-PoolService-2] [] i.a.q.c.d.DriverFactory - Session started | browser=chrome | headless=true | remote=false
09:40:31.721 DEBUG [TestNG-test-User interface-5] [nativeDialogsAreHandled] i.a.q.c.d.DriverManager - Active sessions: 2
09:40:31.722 DEBUG [TestNG-test-User interface-5] [nativeDialogsAreHandled] i.a.q.c.r.ReportManager - [no report bound] Browser session started on chrome (local)
09:40:31.722 INFO  [TestNG-test-User interface-5] [signedOutUserCannotReachTheCatalogue] i.a.q.c.l.TestReportListener - ──────── START signedOutUserCannotReachTheCatalogue ────────
09:40:31.809 DEBUG [TestNG-PoolService-2] [] i.a.q.c.d.DriverManager - Active sessions: 3
09:40:31.810 DEBUG [TestNG-PoolService-2] [] i.a.q.c.r.ReportManager - [no report bound] Browser session started on chrome (local)
09:40:31.814 INFO  [TestNG-PoolService-2] [rejectedSignIn [unknown account]] i.a.q.c.l.TestReportListener - ──────── START rejectedSignIn [unknown account] ────────
09:40:31.847 INFO  [TestNG-PoolService-3] [] i.a.q.c.d.DriverFactory - Session started | browser=chrome | headless=true | remote=false
09:40:31.907 INFO  [TestNG-PoolService-5] [] i.a.q.c.d.DriverFactory - Session started | browser=chrome | headless=true | remote=false
09:40:31.953 INFO  [TestNG-PoolService-1] [] i.a.q.c.d.DriverFactory - Session started | browser=chrome | headless=true | remote=false
09:40:31.974 DEBUG [TestNG-PoolService-3] [] i.a.q.c.d.DriverManager - Active sessions: 4
09:40:31.974 DEBUG [TestNG-PoolService-3] [] i.a.q.c.r.ReportManager - [no report bound] Browser session started on chrome (local)
09:40:31.982 INFO  [TestNG-PoolService-3] [rejectedSignIn [locked account is refused before the pas…]] i.a.q.c.l.TestReportListener - ──────── START rejectedSignIn [locked account is refused before the pas…] ────────
09:40:31.986 INFO  [TestNG-PoolService-4] [] i.a.q.c.d.DriverFactory - Session started | browser=chrome | headless=true | remote=false
09:40:32.080 DEBUG [TestNG-PoolService-4] [] i.a.q.c.d.DriverManager - Active sessions: 5
09:40:32.081 DEBUG [TestNG-PoolService-4] [] i.a.q.c.r.ReportManager - [no report bound] Browser session started on chrome (local)
09:40:32.082 INFO  [TestNG-PoolService-4] [rejectedSignIn [username left empty]] i.a.q.c.l.TestReportListener - ──────── START rejectedSignIn [username left empty] ────────
09:40:32.083 DEBUG [TestNG-PoolService-5] [] i.a.q.c.d.DriverManager - Active sessions: 6
09:40:32.089 DEBUG [TestNG-PoolService-5] [] i.a.q.c.r.ReportManager - [no report bound] Browser session started on chrome (local)
09:40:32.090 INFO  [TestNG-PoolService-5] [rejectedSignIn [password left empty]] i.a.q.c.l.TestReportListener - ──────── START rejectedSignIn [password left empty] ────────
09:40:32.097 DEBUG [TestNG-PoolService-1] [] i.a.q.c.d.DriverManager - Active sessions: 7
09:40:32.114 DEBUG [TestNG-PoolService-1] [] i.a.q.c.r.ReportManager - [no report bound] Browser session started on chrome (local)
09:40:32.117 INFO  [TestNG-PoolService-1] [rejectedSignIn [wrong password on a valid account]] i.a.q.c.l.TestReportListener - ──────── START rejectedSignIn [wrong password on a valid account] ────────
09:40:32.379 INFO  [TestNG-PoolService-6] [rejectedSignIn [credentials are case sensitive]] WebDriver - navigated to http://127.0.0.1:46265/index.html
09:40:32.485 INFO  [TestNG-test-User interface-5] [signedOutUserCannotReachTheCatalogue] WebDriver - navigated to http://127.0.0.1:46265/index.html
09:40:32.560 INFO  [TestNG-PoolService-2] [rejectedSignIn [unknown account]] WebDriver - navigated to http://127.0.0.1:46265/index.html
09:40:32.655 INFO  [TestNG-PoolService-3] [rejectedSignIn [locked account is refused before the pas…]] WebDriver - navigated to http://127.0.0.1:46265/index.html
09:40:32.664 INFO  [TestNG-PoolService-4] [rejectedSignIn [username left empty]] WebDriver - navigated to http://127.0.0.1:46265/index.html
09:40:32.673 INFO  [TestNG-PoolService-5] [rejectedSignIn [password left empty]] WebDriver - navigated to http://127.0.0.1:46265/index.html
09:40:32.806 INFO  [TestNG-PoolService-1] [rejectedSignIn [wrong password on a valid account]] WebDriver - navigated to http://127.0.0.1:46265/index.html
09:40:32.999 DEBUG [TestNG-PoolService-6] [rejectedSignIn [credentials are case sensitive]] i.a.q.s.p.LoginPage - 'Login Page' loaded at http://127.0.0.1:46265/index.html
09:40:33.081 DEBUG [TestNG-test-User interface-5] [signedOutUserCannotReachTheCatalogue] i.a.q.s.p.LoginPage - 'Login Page' loaded at http://127.0.0.1:46265/index.html
09:40:33.099 DEBUG [TestNG-PoolService-2] [rejectedSignIn [unknown account]] i.a.q.s.p.LoginPage - 'Login Page' loaded at http://127.0.0.1:46265/index.html
09:40:33.137 DEBUG [TestNG-PoolService-3] [rejectedSignIn [locked account is refused before the pas…]] i.a.q.s.p.LoginPage - 'Login Page' loaded at http://127.0.0.1:46265/index.html
09:40:33.268 DEBUG [TestNG-PoolService-4] [rejectedSignIn [username left empty]] i.a.q.s.p.LoginPage - 'Login Page' loaded at http://127.0.0.1:46265/index.html
09:40:33.278 DEBUG [TestNG-PoolService-5] [rejectedSignIn [password left empty]] i.a.q.s.p.LoginPage - 'Login Page' loaded at http://127.0.0.1:46265/index.html
09:40:33.284 DEBUG [TestNG-PoolService-1] [rejectedSignIn [wrong password on a valid account]] i.a.q.s.p.LoginPage - 'Login Page' loaded at http://127.0.0.1:46265/index.html
09:40:33.594 INFO  [TestNG-test-User interface-1] [addingProductsUpdatesTheCart] i.a.q.c.d.DriverFactory - Session started | browser=chrome | headless=true | remote=false
09:40:33.751 DEBUG [TestNG-test-User interface-1] [addingProductsUpdatesTheCart] i.a.q.c.d.DriverManager - Active sessions: 8
09:40:33.751 DEBUG [TestNG-test-User interface-1] [addingProductsUpdatesTheCart] i.a.q.c.r.ReportManager - [no report bound] Browser session started on chrome (local)
09:40:33.757 INFO  [TestNG-test-User interface-1] [standardUserSignsIn] i.a.q.c.l.TestReportListener - ──────── START standardUserSignsIn ────────
09:40:33.796 DEBUG [TestNG-PoolService-2] [rejectedSignIn [unknown account]] i.a.q.c.e.UiElement - type 'ghost_user' on 'Login: username field'
09:40:33.836 INFO  [TestNG-test-User interface-4] [shadowDomComponentIsDriven] i.a.q.c.d.DriverFactory - Session started | browser=chrome | headless=true | remote=false
09:40:33.853 DEBUG [TestNG-PoolService-4] [rejectedSignIn [username left empty]] i.a.q.c.e.UiElement - type '' on 'Login: username field'
09:40:33.894 DEBUG [TestNG-test-User interface-4] [shadowDomComponentIsDriven] i.a.q.c.d.DriverManager - Active sessions: 9
09:40:33.894 DEBUG [TestNG-test-User interface-4] [shadowDomComponentIsDriven] i.a.q.c.r.ReportManager - [no report bound] Browser session started on chrome (local)
09:40:33.895 INFO  [TestNG-test-User interface-4] [aLocatorWithoutFallbacksFailsWithAReadableMessage] i.a.q.c.l.TestReportListener - ──────── START aLocatorWithoutFallbacksFailsWithAReadableMessage ────────
09:40:33.943 DEBUG [TestNG-test-User interface-5] [signedOutUserCannotReachTheCatalogue] i.a.q.c.e.UiElement - type 'standard_user' on 'Login: username field'
09:40:33.994 DEBUG [TestNG-PoolService-1] [rejectedSignIn [wrong password on a valid account]] i.a.q.c.e.UiElement - type 'standard_user' on 'Login: username field'
09:40:34.025 DEBUG [TestNG-PoolService-3] [rejectedSignIn [locked account is refused before the pas…]] i.a.q.c.e.UiElement - type 'locked_user' on 'Login: username field'
09:40:34.055 INFO  [TestNG-test-User interface-2] [catalogueFinishesLoading] i.a.q.c.d.DriverFactory - Session started | browser=chrome | headless=true | remote=false
09:40:34.085 DEBUG [TestNG-PoolService-6] [rejectedSignIn [credentials are case sensitive]] i.a.q.c.e.UiElement - type 'STANDARD_USER' on 'Login: username field'
09:40:34.174 DEBUG [TestNG-test-User interface-2] [catalogueFinishesLoading] i.a.q.c.d.DriverManager - Active sessions: 10
09:40:34.174 DEBUG [TestNG-test-User interface-2] [catalogueFinishesLoading] i.a.q.c.r.ReportManager - [no report bound] Browser session started on chrome (local)
09:40:34.201 INFO  [TestNG-test-User interface-2] [brokenPrimaryStrategyIsHealedAndAudited] i.a.q.c.l.TestReportListener - ──────── START brokenPrimaryStrategyIsHealedAndAudited ────────
09:40:34.233 INFO  [TestNG-test-User interface-1] [standardUserSignsIn] WebDriver - navigated to http://127.0.0.1:46265/index.html
09:40:34.305 DEBUG [TestNG-PoolService-5] [rejectedSignIn [password left empty]] i.a.q.c.e.UiElement - type 'standard_user' on 'Login: username field'
09:40:34.350 INFO  [TestNG-test-User interface-4] [aLocatorWithoutFallbacksFailsWithAReadableMessage] WebDriver - navigated to http://127.0.0.1:46265/index.html
09:40:34.574 DEBUG [TestNG-PoolService-2] [rejectedSignIn [unknown account]] i.a.q.c.e.UiElement - type '********' on 'Login: password field'
09:40:34.574 INFO  [TestNG-test-User interface-2] [brokenPrimaryStrategyIsHealedAndAudited] WebDriver - navigated to http://127.0.0.1:46265/index.html
09:40:34.613 DEBUG [TestNG-PoolService-4] [rejectedSignIn [username left empty]] i.a.q.c.e.UiElement - type '********' on 'Login: password field'
09:40:34.614 DEBUG [TestNG-test-User interface-1] [standardUserSignsIn] i.a.q.s.p.LoginPage - 'Login Page' loaded at http://127.0.0.1:46265/index.html
09:40:34.629 DEBUG [TestNG-PoolService-5] [rejectedSignIn [password left empty]] i.a.q.c.e.UiElement - type '' on 'Login: password field'
09:40:34.660 DEBUG [TestNG-test-User interface-4] [aLocatorWithoutFallbacksFailsWithAReadableMessage] i.a.q.s.p.LoginPage - 'Login Page' loaded at http://127.0.0.1:46265/index.html
09:40:34.667 DEBUG [TestNG-test-User interface-5] [signedOutUserCannotReachTheCatalogue] i.a.q.c.e.UiElement - type '********' on 'Login: password field'
09:40:34.705 DEBUG [TestNG-PoolService-1] [rejectedSignIn [wrong password on a valid account]] i.a.q.c.e.UiElement - type '********' on 'Login: password field'
09:40:34.722 DEBUG [TestNG-PoolService-3] [rejectedSignIn [locked account is refused before the pas…]] i.a.q.c.e.UiElement - type '********' on 'Login: password field'
09:40:34.733 WARN  [TestNG-PoolService-2] [rejectedSignIn [unknown account]] i.a.q.c.e.HealingLedger - [HEALED] Login: sign in button — primary strategy failed (By.id: btn-login), recovered with fallback #1 (By.cssSelector: [data-testid='login-submit'])
09:40:34.775 INFO  [TestNG-test-User interface-3] [tableSortsNumerically] i.a.q.c.d.DriverFactory - Session started | browser=chrome | headless=true | remote=false
09:40:34.818 WARN  [TestNG-PoolService-5] [rejectedSignIn [password left empty]] i.a.q.c.e.HealingLedger - [HEALED] Login: sign in button — primary strategy failed (By.id: btn-login), recovered with fallback #1 (By.cssSelector: [data-testid='login-submit'])
09:40:34.831 WARN  [TestNG-test-User interface-5] [signedOutUserCannotReachTheCatalogue] i.a.q.c.e.HealingLedger - [HEALED] Login: sign in button — primary strategy failed (By.id: btn-login), recovered with fallback #1 (By.cssSelector: [data-testid='login-submit'])
09:40:34.837 DEBUG [TestNG-test-User interface-3] [tableSortsNumerically] i.a.q.c.d.DriverManager - Active sessions: 11
09:40:34.837 DEBUG [TestNG-test-User interface-3] [tableSortsNumerically] i.a.q.c.r.ReportManager - [no report bound] Browser session started on chrome (local)
09:40:34.838 INFO  [TestNG-test-User interface-3] [theApplicationReallyRegeneratesIds] i.a.q.c.l.TestReportListener - ──────── START theApplicationReallyRegeneratesIds ────────
09:40:34.843 WARN  [TestNG-PoolService-3] [rejectedSignIn [locked account is refused before the pas…]] i.a.q.c.e.HealingLedger - [HEALED] Login: sign in button — primary strategy failed (By.id: btn-login), recovered with fallback #1 (By.cssSelector: [data-testid='login-submit'])
09:40:34.849 WARN  [TestNG-PoolService-4] [rejectedSignIn [username left empty]] i.a.q.c.e.HealingLedger - [HEALED] Login: sign in button — primary strategy failed (By.id: btn-login), recovered with fallback #1 (By.cssSelector: [data-testid='login-submit'])
09:40:34.859 DEBUG [TestNG-PoolService-6] [rejectedSignIn [credentials are case sensitive]] i.a.q.c.e.UiElement - type '********' on 'Login: password field'
09:40:34.860 WARN  [TestNG-PoolService-1] [rejectedSignIn [wrong password on a valid account]] i.a.q.c.e.HealingLedger - [HEALED] Login: sign in button — primary strategy failed (By.id: btn-login), recovered with fallback #1 (By.cssSelector: [data-testid='login-submit'])
09:40:34.895 DEBUG [TestNG-test-User interface-2] [brokenPrimaryStrategyIsHealedAndAudited] i.a.q.s.p.LoginPage - 'Login Page' loaded at http://127.0.0.1:46265/index.html
09:40:35.000 WARN  [TestNG-PoolService-6] [rejectedSignIn [credentials are case sensitive]] i.a.q.c.e.HealingLedger - [HEALED] Login: sign in button — primary strategy failed (By.id: btn-login), recovered with fallback #1 (By.cssSelector: [data-testid='login-submit'])
09:40:35.041 DEBUG [TestNG-PoolService-2] [rejectedSignIn [unknown account]] i.a.q.c.e.UiElement - click on 'Login: sign in button'
09:40:35.049 DEBUG [TestNG-test-User interface-5] [signedOutUserCannotReachTheCatalogue] i.a.q.c.e.UiElement - click on 'Login: sign in button'
09:40:35.073 INFO  [TestNG-test-User interface-3] [theApplicationReallyRegeneratesIds] WebDriver - navigated to http://127.0.0.1:46265/index.html
09:40:35.095 DEBUG [TestNG-PoolService-3] [rejectedSignIn [locked account is refused before the pas…]] i.a.q.c.e.UiElement - click on 'Login: sign in button'
09:40:35.106 DEBUG [TestNG-PoolService-5] [rejectedSignIn [password left empty]] i.a.q.c.e.UiElement - click on 'Login: sign in button'
09:40:35.150 DEBUG [TestNG-PoolService-4] [rejectedSignIn [username left empty]] i.a.q.c.e.UiElement - click on 'Login: sign in button'
09:40:35.164 DEBUG [TestNG-PoolService-1] [rejectedSignIn [wrong password on a valid account]] i.a.q.c.e.UiElement - click on 'Login: sign in button'
09:40:35.267 DEBUG [TestNG-test-User interface-1] [standardUserSignsIn] i.a.q.c.e.UiElement - type 'standard_user' on 'Login: username field'
09:40:35.284 DEBUG [TestNG-PoolService-3] [rejectedSignIn [locked account is refused before the pas…]] i.a.q.c.e.UiElement - read text on 'Login: error banner'
09:40:35.316 DEBUG [TestNG-PoolService-6] [rejectedSignIn [credentials are case sensitive]] i.a.q.c.e.UiElement - click on 'Login: sign in button'
09:40:35.330 DEBUG [TestNG-test-User interface-3] [theApplicationReallyRegeneratesIds] i.a.q.s.p.LoginPage - 'Login Page' loaded at http://127.0.0.1:46265/index.html
09:40:35.332 DEBUG [TestNG-PoolService-2] [rejectedSignIn [unknown account]] i.a.q.c.e.UiElement - read text on 'Login: error banner'
09:40:35.336 INFO  [TestNG-PoolService-3] [rejectedSignIn [locked account is refused before the pas…]] i.a.q.c.l.TestReportListener - ──────── PASS  rejectedSignIn [locked account is refused before the pas…] (3336 ms) ────────
09:40:35.358 DEBUG [TestNG-PoolService-5] [rejectedSignIn [password left empty]] i.a.q.c.e.UiElement - read text on 'Login: error banner'
09:40:35.372 INFO  [TestNG-PoolService-5] [rejectedSignIn [password left empty]] i.a.q.c.l.TestReportListener - ──────── PASS  rejectedSignIn [password left empty] (3282 ms) ────────
09:40:35.371 INFO  [TestNG-PoolService-2] [rejectedSignIn [unknown account]] i.a.q.c.l.TestReportListener - ──────── PASS  rejectedSignIn [unknown account] (3556 ms) ────────
09:40:35.484 DEBUG [TestNG-PoolService-1] [rejectedSignIn [wrong password on a valid account]] i.a.q.c.e.UiElement - read text on 'Login: error banner'
09:40:35.490 DEBUG [TestNG-PoolService-4] [rejectedSignIn [username left empty]] i.a.q.c.e.UiElement - read text on 'Login: error banner'
09:40:35.506 INFO  [TestNG-PoolService-1] [rejectedSignIn [wrong password on a valid account]] i.a.q.c.l.TestReportListener - ──────── PASS  rejectedSignIn [wrong password on a valid account] (3389 ms) ────────
09:40:35.526 DEBUG [TestNG-PoolService-3] [rejectedSignIn [locked account is refused before the pas…]] i.a.q.c.d.DriverManager - Active sessions: 10
09:40:35.538 DEBUG [TestNG-test-User interface-2] [brokenPrimaryStrategyIsHealedAndAudited] i.a.q.c.e.UiElement - type 'standard_user' on 'Login: username field'
09:40:35.554 INFO  [TestNG-PoolService-4] [rejectedSignIn [username left empty]] i.a.q.c.l.TestReportListener - ──────── PASS  rejectedSignIn [username left empty] (3472 ms) ────────
09:40:35.601 DEBUG [TestNG-PoolService-5] [rejectedSignIn [password left empty]] i.a.q.c.d.DriverManager - Active sessions: 9
09:40:35.626 DEBUG [TestNG-PoolService-6] [rejectedSignIn [credentials are case sensitive]] i.a.q.c.e.UiElement - read text on 'Login: error banner'
09:40:35.637 DEBUG [TestNG-PoolService-2] [rejectedSignIn [unknown account]] i.a.q.c.d.DriverManager - Active sessions: 8
09:40:35.660 INFO  [TestNG-PoolService-6] [rejectedSignIn [credentials are case sensitive]] i.a.q.c.l.TestReportListener - ──────── PASS  rejectedSignIn [credentials are case sensitive] (4117 ms) ────────
09:40:35.688 DEBUG [TestNG-PoolService-1] [rejectedSignIn [wrong password on a valid account]] i.a.q.c.d.DriverManager - Active sessions: 7
09:40:35.741 DEBUG [TestNG-test-User interface-3] [theApplicationReallyRegeneratesIds] i.a.q.s.p.LoginPage - 'Login Page' loaded at http://127.0.0.1:46265/index.html
09:40:35.764 INFO  [TestNG-test-User interface-3] [theApplicationReallyRegeneratesIds] i.a.q.c.l.TestReportListener - ──────── PASS  theApplicationReallyRegeneratesIds (927 ms) ────────
09:40:35.772 DEBUG [TestNG-PoolService-4] [rejectedSignIn [username left empty]] i.a.q.c.d.DriverManager - Active sessions: 6
09:40:35.804 DEBUG [TestNG-test-User interface-1] [standardUserSignsIn] i.a.q.c.e.UiElement - type '********' on 'Login: password field'
09:40:35.882 DEBUG [TestNG-PoolService-6] [rejectedSignIn [credentials are case sensitive]] i.a.q.c.d.DriverManager - Active sessions: 5
09:40:35.890 DEBUG [TestNG-test-User interface-3] [theApplicationReallyRegeneratesIds] i.a.q.c.d.DriverManager - Active sessions: 4
09:40:35.899 DEBUG [TestNG-test-User interface-2] [brokenPrimaryStrategyIsHealedAndAudited] i.a.q.c.e.UiElement - type '********' on 'Login: password field'
09:40:35.902 WARN  [TestNG-test-User interface-1] [standardUserSignsIn] i.a.q.c.e.HealingLedger - [HEALED] Login: sign in button — primary strategy failed (By.id: btn-login), recovered with fallback #1 (By.cssSelector: [data-testid='login-submit'])
09:40:35.965 WARN  [TestNG-test-User interface-2] [brokenPrimaryStrategyIsHealedAndAudited] i.a.q.c.e.HealingLedger - [HEALED] Login: sign in button — primary strategy failed (By.id: btn-login), recovered with fallback #1 (By.cssSelector: [data-testid='login-submit'])
09:40:35.990 DEBUG [TestNG-test-User interface-5] [signedOutUserCannotReachTheCatalogue] i.a.q.s.p.InventoryPage - 'Inventory Page' loaded at http://127.0.0.1:46265/inventory.html
09:40:36.139 DEBUG [TestNG-test-User interface-2] [brokenPrimaryStrategyIsHealedAndAudited] i.a.q.c.e.UiElement - click on 'Login: sign in button'
09:40:36.217 DEBUG [TestNG-test-User interface-1] [standardUserSignsIn] i.a.q.c.e.UiElement - click on 'Login: sign in button'
09:40:36.455 DEBUG [TestNG-test-User interface-5] [signedOutUserCannotReachTheCatalogue] i.a.q.c.e.UiElement - read text on 'Login: error banner'
09:40:36.458 INFO  [TestNG-test-User interface-5] [signedOutUserCannotReachTheCatalogue] i.a.q.c.l.TestReportListener - ──────── PASS  signedOutUserCannotReachTheCatalogue (4733 ms) ────────
09:40:36.623 DEBUG [TestNG-test-User interface-5] [signedOutUserCannotReachTheCatalogue] i.a.q.c.d.DriverManager - Active sessions: 3
09:40:36.806 DEBUG [TestNG-test-User interface-1] [standardUserSignsIn] i.a.q.s.p.InventoryPage - 'Inventory Page' loaded at http://127.0.0.1:46265/inventory.html
09:40:36.813 INFO  [TestNG-test-User interface-4] [aLocatorWithoutFallbacksFailsWithAReadableMessage] i.a.q.c.l.TestReportListener - ──────── PASS  aLocatorWithoutFallbacksFailsWithAReadableMessage (2919 ms) ────────
09:40:36.889 DEBUG [TestNG-test-User interface-1] [standardUserSignsIn] i.a.q.c.e.UiElement - read text on 'Header: signed in user'
09:40:36.932 INFO  [TestNG-test-User interface-1] [standardUserSignsIn] i.a.q.c.l.TestReportListener - ──────── PASS  standardUserSignsIn (3180 ms) ────────
09:40:37.031 DEBUG [TestNG-test-User interface-4] [aLocatorWithoutFallbacksFailsWithAReadableMessage] i.a.q.c.d.DriverManager - Active sessions: 2
09:40:37.110 DEBUG [TestNG-test-User interface-1] [standardUserSignsIn] i.a.q.c.d.DriverManager - Active sessions: 1
09:40:37.168 DEBUG [TestNG-test-User interface-2] [brokenPrimaryStrategyIsHealedAndAudited] i.a.q.s.p.InventoryPage - 'Inventory Page' loaded at http://127.0.0.1:46265/inventory.html
09:40:37.169 INFO  [TestNG-test-User interface-2] [brokenPrimaryStrategyIsHealedAndAudited] i.a.q.c.l.TestReportListener - ──────── PASS  brokenPrimaryStrategyIsHealedAndAudited (2994 ms) ────────
09:40:37.214 INFO  [TestNG-test-User interface-6] [secondWindowIsReadAndClosed] i.a.q.c.d.DriverFactory - Session started | browser=chrome | headless=true | remote=false
09:40:37.239 INFO  [TestNG-test-User interface-3] [theApplicationReallyRegeneratesIds] i.a.q.c.d.DriverFactory - Session started | browser=chrome | headless=true | remote=false
09:40:37.247 DEBUG [TestNG-test-User interface-6] [secondWindowIsReadAndClosed] i.a.q.c.d.DriverManager - Active sessions: 2
09:40:37.247 DEBUG [TestNG-test-User interface-6] [secondWindowIsReadAndClosed] i.a.q.c.r.ReportManager - [no report bound] Browser session started on chrome (local)
09:40:37.248 INFO  [TestNG-test-User interface-6] [customerCompletesAPurchase] i.a.q.c.l.TestReportListener - ──────── START customerCompletesAPurchase ────────
09:40:37.284 DEBUG [TestNG-test-User interface-3] [theApplicationReallyRegeneratesIds] i.a.q.c.d.DriverManager - Active sessions: 3
09:40:37.285 DEBUG [TestNG-test-User interface-3] [theApplicationReallyRegeneratesIds] i.a.q.c.r.ReportManager - [no report bound] Browser session started on chrome (local)
09:40:37.292 INFO  [TestNG-test-User interface-3] [emptyingTheCartDisablesTheCheckout] i.a.q.c.l.TestReportListener - ──────── START emptyingTheCartDisablesTheCheckout ────────
09:40:37.383 DEBUG [TestNG-test-User interface-2] [brokenPrimaryStrategyIsHealedAndAudited] i.a.q.c.d.DriverManager - Active sessions: 2
09:40:37.521 INFO  [TestNG-test-User interface-6] [customerCompletesAPurchase] WebDriver - navigated to http://127.0.0.1:46265/index.html
09:40:37.565 INFO  [TestNG-test-User interface-3] [emptyingTheCartDisablesTheCheckout] WebDriver - navigated to http://127.0.0.1:46265/index.html
09:40:37.720 DEBUG [TestNG-test-User interface-6] [customerCompletesAPurchase] i.a.q.s.p.LoginPage - 'Login Page' loaded at http://127.0.0.1:46265/index.html
09:40:37.725 DEBUG [TestNG-test-User interface-3] [emptyingTheCartDisablesTheCheckout] i.a.q.s.p.LoginPage - 'Login Page' loaded at http://127.0.0.1:46265/index.html
09:40:38.070 INFO  [TestNG-test-User interface-5] [signedOutUserCannotReachTheCatalogue] i.a.q.c.d.DriverFactory - Session started | browser=chrome | headless=true | remote=false
09:40:38.099 DEBUG [TestNG-test-User interface-6] [customerCompletesAPurchase] i.a.q.c.e.UiElement - type 'standard_user' on 'Login: username field'
09:40:38.132 DEBUG [TestNG-test-User interface-5] [signedOutUserCannotReachTheCatalogue] i.a.q.c.d.DriverManager - Active sessions: 3
09:40:38.132 DEBUG [TestNG-test-User interface-5] [signedOutUserCannotReachTheCatalogue] i.a.q.c.r.ReportManager - [no report bound] Browser session started on chrome (local)
09:40:38.133 INFO  [TestNG-test-User interface-5] [malformedEmailIsRejected] i.a.q.c.l.TestReportListener - ──────── START malformedEmailIsRejected ────────
09:40:38.141 DEBUG [TestNG-test-User interface-3] [emptyingTheCartDisablesTheCheckout] i.a.q.c.e.UiElement - type 'standard_user' on 'Login: username field'
09:40:38.398 INFO  [TestNG-test-User interface-5] [malformedEmailIsRejected] WebDriver - navigated to http://127.0.0.1:46265/index.html
09:40:38.418 DEBUG [TestNG-test-User interface-6] [customerCompletesAPurchase] i.a.q.c.e.UiElement - type '********' on 'Login: password field'
09:40:38.536 DEBUG [TestNG-test-User interface-5] [malformedEmailIsRejected] i.a.q.s.p.LoginPage - 'Login Page' loaded at http://127.0.0.1:46265/index.html
09:40:38.555 DEBUG [TestNG-test-User interface-3] [emptyingTheCartDisablesTheCheckout] i.a.q.c.e.UiElement - type '********' on 'Login: password field'
09:40:38.575 WARN  [TestNG-test-User interface-6] [customerCompletesAPurchase] i.a.q.c.e.HealingLedger - [HEALED] Login: sign in button — primary strategy failed (By.id: btn-login), recovered with fallback #1 (By.cssSelector: [data-testid='login-submit'])
09:40:38.643 WARN  [TestNG-test-User interface-3] [emptyingTheCartDisablesTheCheckout] i.a.q.c.e.HealingLedger - [HEALED] Login: sign in button — primary strategy failed (By.id: btn-login), recovered with fallback #1 (By.cssSelector: [data-testid='login-submit'])
09:40:38.654 INFO  [TestNG-test-User interface-1] [standardUserSignsIn] i.a.q.c.d.DriverFactory - Session started | browser=chrome | headless=true | remote=false
09:40:38.654 INFO  [TestNG-test-User interface-4] [aLocatorWithoutFallbacksFailsWithAReadableMessage] i.a.q.c.d.DriverFactory - Session started | browser=chrome | headless=true | remote=false
09:40:38.683 DEBUG [TestNG-test-User interface-1] [standardUserSignsIn] i.a.q.c.d.DriverManager - Active sessions: 4
09:40:38.683 DEBUG [TestNG-test-User interface-1] [standardUserSignsIn] i.a.q.c.r.ReportManager - [no report bound] Browser session started on chrome (local)
09:40:38.688 DEBUG [TestNG-test-User interface-4] [aLocatorWithoutFallbacksFailsWithAReadableMessage] i.a.q.c.d.DriverManager - Active sessions: 5
09:40:38.688 INFO  [TestNG-test-User interface-1] [readOnlyAccountCannotPlaceAnOrder] i.a.q.c.l.TestReportListener - ──────── START readOnlyAccountCannotPlaceAnOrder ────────
09:40:38.688 DEBUG [TestNG-test-User interface-4] [aLocatorWithoutFallbacksFailsWithAReadableMessage] i.a.q.c.r.ReportManager - [no report bound] Browser session started on chrome (local)
09:40:38.689 INFO  [TestNG-test-User interface-4] [mandatoryFieldsAreEnforced] i.a.q.c.l.TestReportListener - ──────── START mandatoryFieldsAreEnforced ────────
09:40:38.774 DEBUG [TestNG-test-User interface-6] [customerCompletesAPurchase] i.a.q.c.e.UiElement - click on 'Login: sign in button'
09:40:38.857 DEBUG [TestNG-test-User interface-5] [malformedEmailIsRejected] i.a.q.c.e.UiElement - type 'standard_user' on 'Login: username field'
09:40:38.918 INFO  [TestNG-test-User interface-4] [mandatoryFieldsAreEnforced] WebDriver - navigated to http://127.0.0.1:46265/index.html
09:40:38.923 DEBUG [TestNG-test-User interface-3] [emptyingTheCartDisablesTheCheckout] i.a.q.c.e.UiElement - click on 'Login: sign in button'
09:40:39.010 INFO  [TestNG-test-User interface-1] [readOnlyAccountCannotPlaceAnOrder] WebDriver - navigated to http://127.0.0.1:46265/index.html
09:40:39.091 DEBUG [TestNG-test-User interface-5] [malformedEmailIsRejected] i.a.q.c.e.UiElement - type '********' on 'Login: password field'
09:40:39.113 DEBUG [TestNG-test-User interface-4] [mandatoryFieldsAreEnforced] i.a.q.s.p.LoginPage - 'Login Page' loaded at http://127.0.0.1:46265/index.html
09:40:39.152 WARN  [TestNG-test-User interface-5] [malformedEmailIsRejected] i.a.q.c.e.HealingLedger - [HEALED] Login: sign in button — primary strategy failed (By.id: btn-login), recovered with fallback #1 (By.cssSelector: [data-testid='login-submit'])
09:40:39.164 DEBUG [TestNG-test-User interface-1] [readOnlyAccountCannotPlaceAnOrder] i.a.q.s.p.LoginPage - 'Login Page' loaded at http://127.0.0.1:46265/index.html
09:40:39.241 DEBUG [TestNG-test-User interface-5] [malformedEmailIsRejected] i.a.q.c.e.UiElement - click on 'Login: sign in button'
09:40:39.291 DEBUG [TestNG-test-User interface-1] [readOnlyAccountCannotPlaceAnOrder] i.a.q.c.e.UiElement - type 'readonly_user' on 'Login: username field'
09:40:39.325 DEBUG [TestNG-test-User interface-4] [mandatoryFieldsAreEnforced] i.a.q.c.e.UiElement - type 'standard_user' on 'Login: username field'
09:40:39.403 DEBUG [TestNG-test-User interface-1] [readOnlyAccountCannotPlaceAnOrder] i.a.q.c.e.UiElement - type '********' on 'Login: password field'
09:40:39.436 WARN  [TestNG-test-User interface-1] [readOnlyAccountCannotPlaceAnOrder] i.a.q.c.e.HealingLedger - [HEALED] Login: sign in button — primary strategy failed (By.id: btn-login), recovered with fallback #1 (By.cssSelector: [data-testid='login-submit'])
09:40:39.464 DEBUG [TestNG-test-User interface-4] [mandatoryFieldsAreEnforced] i.a.q.c.e.UiElement - type '********' on 'Login: password field'
09:40:39.474 DEBUG [TestNG-test-User interface-6] [customerCompletesAPurchase] i.a.q.s.p.InventoryPage - 'Inventory Page' loaded at http://127.0.0.1:46265/inventory.html
09:40:39.499 DEBUG [TestNG-test-User interface-1] [readOnlyAccountCannotPlaceAnOrder] i.a.q.c.e.UiElement - click on 'Login: sign in button'
09:40:39.521 WARN  [TestNG-test-User interface-4] [mandatoryFieldsAreEnforced] i.a.q.c.e.HealingLedger - [HEALED] Login: sign in button — primary strategy failed (By.id: btn-login), recovered with fallback #1 (By.cssSelector: [data-testid='login-submit'])
09:40:39.579 DEBUG [TestNG-test-User interface-4] [mandatoryFieldsAreEnforced] i.a.q.c.e.UiElement - click on 'Login: sign in button'
09:40:39.799 DEBUG [TestNG-test-User interface-3] [emptyingTheCartDisablesTheCheckout] i.a.q.s.p.InventoryPage - 'Inventory Page' loaded at http://127.0.0.1:46265/inventory.html
09:40:40.183 DEBUG [TestNG-test-User interface-4] [mandatoryFieldsAreEnforced] i.a.q.s.p.InventoryPage - 'Inventory Page' loaded at http://127.0.0.1:46265/inventory.html
09:40:40.291 DEBUG [TestNG-test-User interface-5] [malformedEmailIsRejected] i.a.q.s.p.InventoryPage - 'Inventory Page' loaded at http://127.0.0.1:46265/inventory.html
09:40:40.320 DEBUG [TestNG-test-User interface-1] [readOnlyAccountCannotPlaceAnOrder] i.a.q.s.p.InventoryPage - 'Inventory Page' loaded at http://127.0.0.1:46265/inventory.html
09:40:41.705 DEBUG [TestNG-test-User interface-6] [customerCompletesAPurchase] i.a.q.c.e.UiElement - click on 'Catalogue: add 'Summit Down Jacket' to cart'
09:40:41.752 DEBUG [TestNG-test-User interface-6] [customerCompletesAPurchase] i.a.q.c.e.UiElement - read text on 'Header: cart badge'
09:40:41.784 DEBUG [TestNG-test-User interface-6] [customerCompletesAPurchase] i.a.q.c.e.UiElement - read text on 'Header: cart badge'
09:40:41.845 DEBUG [TestNG-test-User interface-6] [customerCompletesAPurchase] i.a.q.c.e.UiElement - click on 'Catalogue: add 'Basecamp Headlamp 600' to cart'
09:40:41.879 DEBUG [TestNG-test-User interface-6] [customerCompletesAPurchase] i.a.q.c.e.UiElement - read text on 'Header: cart badge'
09:40:42.010 DEBUG [TestNG-test-User interface-6] [customerCompletesAPurchase] i.a.q.c.e.UiElement - click on 'Header: cart link'
09:40:42.053 DEBUG [TestNG-test-User interface-3] [emptyingTheCartDisablesTheCheckout] i.a.q.c.e.UiElement - click on 'Catalogue: add 'Vertex Climbing Harness' to cart'
09:40:42.056 DEBUG [TestNG-test-User interface-6] [customerCompletesAPurchase] i.a.q.s.p.CartPage - 'Cart Page' loaded at http://127.0.0.1:46265/cart.html
09:40:42.081 DEBUG [TestNG-test-User interface-6] [customerCompletesAPurchase] i.a.q.c.e.UiElement - read text on 'Cart: subtotal'
09:40:42.101 DEBUG [TestNG-test-User interface-3] [emptyingTheCartDisablesTheCheckout] i.a.q.c.e.UiElement - read text on 'Header: cart badge'
09:40:42.108 DEBUG [TestNG-test-User interface-6] [customerCompletesAPurchase] i.a.q.c.e.UiElement - read text on 'Cart: tax'
09:40:42.131 DEBUG [TestNG-test-User interface-6] [customerCompletesAPurchase] i.a.q.c.e.UiElement - read text on 'Cart: grand total'
09:40:42.133 INFO  [TestNG-test-User interface-6] [customerCompletesAPurchase] i.a.q.c.d.FakeData - Synthetic data seed = 1791452442133 (replay this run with -Datlas.data.seed=1791452442133)
09:40:42.261 DEBUG [TestNG-test-User interface-3] [emptyingTheCartDisablesTheCheckout] i.a.q.c.e.UiElement - click on 'Header: cart link'
09:40:42.322 DEBUG [TestNG-test-User interface-3] [emptyingTheCartDisablesTheCheckout] i.a.q.s.p.CartPage - 'Cart Page' loaded at http://127.0.0.1:46265/cart.html
09:40:42.415 DEBUG [TestNG-test-User interface-3] [emptyingTheCartDisablesTheCheckout] i.a.q.c.e.UiElement - click on 'Cart: remove 'Vertex Climbing Harness''
09:40:42.504 WARN  [TestNG-test-User interface-6] [customerCompletesAPurchase] i.a.q.c.e.HealingLedger - [HEALED] Cart: proceed to checkout — primary strategy failed (By.id: btn-checkout), recovered with fallback #1 (By.cssSelector: [data-testid='checkout'])
09:40:42.524 DEBUG [TestNG-test-User interface-4] [mandatoryFieldsAreEnforced] i.a.q.c.e.UiElement - click on 'Catalogue: add 'Nomad Merino Base Layer' to cart'
09:40:42.602 DEBUG [TestNG-test-User interface-5] [malformedEmailIsRejected] i.a.q.c.e.UiElement - click on 'Catalogue: add 'Nomad Merino Base Layer' to cart'
09:40:42.629 DEBUG [TestNG-test-User interface-4] [mandatoryFieldsAreEnforced] i.a.q.c.e.UiElement - read text on 'Header: cart badge'
09:40:42.656 DEBUG [TestNG-test-User interface-1] [readOnlyAccountCannotPlaceAnOrder] i.a.q.c.e.UiElement - click on 'Catalogue: add 'Ridge GPS Watch' to cart'
09:40:42.697 DEBUG [TestNG-test-User interface-5] [malformedEmailIsRejected] i.a.q.c.e.UiElement - read text on 'Header: cart badge'
09:40:42.711 DEBUG [TestNG-test-User interface-1] [readOnlyAccountCannotPlaceAnOrder] i.a.q.c.e.UiElement - read text on 'Header: cart badge'
09:40:42.748 DEBUG [TestNG-test-User interface-6] [customerCompletesAPurchase] i.a.q.c.e.UiElement - click on 'Cart: proceed to checkout'
09:40:42.870 DEBUG [TestNG-test-User interface-6] [customerCompletesAPurchase] i.a.q.s.p.CheckoutDetailsPage - 'Checkout Details Page' loaded at http://127.0.0.1:46265/checkout-info.html
09:40:42.888 DEBUG [TestNG-test-User interface-4] [mandatoryFieldsAreEnforced] i.a.q.c.e.UiElement - click on 'Header: cart link'
09:40:42.916 DEBUG [TestNG-test-User interface-1] [readOnlyAccountCannotPlaceAnOrder] i.a.q.c.e.UiElement - click on 'Header: cart link'
09:40:42.920 DEBUG [TestNG-test-User interface-5] [malformedEmailIsRejected] i.a.q.c.e.UiElement - click on 'Header: cart link'
09:40:42.926 DEBUG [TestNG-test-User interface-4] [mandatoryFieldsAreEnforced] i.a.q.s.p.CartPage - 'Cart Page' loaded at http://127.0.0.1:46265/cart.html
09:40:42.965 DEBUG [TestNG-test-User interface-5] [malformedEmailIsRejected] i.a.q.s.p.CartPage - 'Cart Page' loaded at http://127.0.0.1:46265/cart.html
09:40:42.968 DEBUG [TestNG-test-User interface-1] [readOnlyAccountCannotPlaceAnOrder] i.a.q.s.p.CartPage - 'Cart Page' loaded at http://127.0.0.1:46265/cart.html
09:40:42.970 WARN  [TestNG-test-User interface-4] [mandatoryFieldsAreEnforced] i.a.q.c.e.HealingLedger - [HEALED] Cart: proceed to checkout — primary strategy failed (By.id: btn-checkout), recovered with fallback #1 (By.cssSelector: [data-testid='checkout'])
09:40:42.998 WARN  [TestNG-test-User interface-1] [readOnlyAccountCannotPlaceAnOrder] i.a.q.c.e.HealingLedger - [HEALED] Cart: proceed to checkout — primary strategy failed (By.id: btn-checkout), recovered with fallback #1 (By.cssSelector: [data-testid='checkout'])
09:40:43.005 WARN  [TestNG-test-User interface-5] [malformedEmailIsRejected] i.a.q.c.e.HealingLedger - [HEALED] Cart: proceed to checkout — primary strategy failed (By.id: btn-checkout), recovered with fallback #1 (By.cssSelector: [data-testid='checkout'])
09:40:43.064 DEBUG [TestNG-test-User interface-1] [readOnlyAccountCannotPlaceAnOrder] i.a.q.c.e.UiElement - click on 'Cart: proceed to checkout'
09:40:43.090 DEBUG [TestNG-test-User interface-6] [customerCompletesAPurchase] i.a.q.c.e.UiElement - type 'Wayne' on 'Checkout details: first name'
09:40:43.120 DEBUG [TestNG-test-User interface-4] [mandatoryFieldsAreEnforced] i.a.q.c.e.UiElement - click on 'Cart: proceed to checkout'
09:40:43.124 DEBUG [TestNG-test-User interface-1] [readOnlyAccountCannotPlaceAnOrder] i.a.q.c.e.UiElement - read text on 'Cart: error banner'
09:40:43.129 INFO  [TestNG-test-User interface-1] [readOnlyAccountCannotPlaceAnOrder] i.a.q.c.l.TestReportListener - ──────── PASS  readOnlyAccountCannotPlaceAnOrder (4446 ms) ────────
09:40:43.157 DEBUG [TestNG-test-User interface-5] [malformedEmailIsRejected] i.a.q.c.e.UiElement - click on 'Cart: proceed to checkout'
09:40:43.162 DEBUG [TestNG-test-User interface-4] [mandatoryFieldsAreEnforced] i.a.q.s.p.CheckoutDetailsPage - 'Checkout Details Page' loaded at http://127.0.0.1:46265/checkout-info.html
09:40:43.217 DEBUG [TestNG-test-User interface-5] [malformedEmailIsRejected] i.a.q.s.p.CheckoutDetailsPage - 'Checkout Details Page' loaded at http://127.0.0.1:46265/checkout-info.html
09:40:43.246 DEBUG [TestNG-test-User interface-6] [customerCompletesAPurchase] i.a.q.c.e.UiElement - type 'Ledner' on 'Checkout details: last name'
09:40:43.250 DEBUG [TestNG-test-User interface-1] [readOnlyAccountCannotPlaceAnOrder] i.a.q.c.d.DriverManager - Active sessions: 4
09:40:43.299 DEBUG [TestNG-test-User interface-4] [mandatoryFieldsAreEnforced] i.a.q.c.e.UiElement - type 'Giulia' on 'Checkout details: first name'
09:40:43.327 DEBUG [TestNG-test-User interface-5] [malformedEmailIsRejected] i.a.q.c.e.UiElement - type 'Wayne' on 'Checkout details: first name'
09:40:43.350 DEBUG [TestNG-test-User interface-4] [mandatoryFieldsAreEnforced] i.a.q.c.e.UiElement - type '' on 'Checkout details: last name'
09:40:43.377 DEBUG [TestNG-test-User interface-6] [customerCompletesAPurchase] i.a.q.c.e.UiElement - type 'robin.klocko.2093@atlas.test' on 'Checkout details: email'
09:40:43.408 DEBUG [TestNG-test-User interface-4] [mandatoryFieldsAreEnforced] i.a.q.c.e.UiElement - type '' on 'Checkout details: email'
09:40:43.420 DEBUG [TestNG-test-User interface-5] [malformedEmailIsRejected] i.a.q.c.e.UiElement - type 'Ledner' on 'Checkout details: last name'
09:40:43.450 DEBUG [TestNG-test-User interface-4] [mandatoryFieldsAreEnforced] i.a.q.c.e.UiElement - type '' on 'Checkout details: postcode'
09:40:43.482 WARN  [TestNG-test-User interface-4] [mandatoryFieldsAreEnforced] i.a.q.c.e.HealingLedger - [HEALED] Checkout details: continue — primary strategy failed (By.id: btn-continue), recovered with fallback #1 (By.cssSelector: [data-testid='continue'])
09:40:43.483 DEBUG [TestNG-test-User interface-6] [customerCompletesAPurchase] i.a.q.c.e.UiElement - type '9591 Ryan Unions' on 'Checkout details: address'
09:40:43.523 DEBUG [TestNG-test-User interface-5] [malformedEmailIsRejected] i.a.q.c.e.UiElement - type 'giulia.rossi.atlas.test' on 'Checkout details: email'
09:40:43.577 DEBUG [TestNG-test-User interface-6] [customerCompletesAPurchase] i.a.q.c.e.UiElement - type 'Port Vincenzo' on 'Checkout details: city'
09:40:43.629 DEBUG [TestNG-test-User interface-5] [malformedEmailIsRejected] i.a.q.c.e.UiElement - type '9591 Ryan Unions' on 'Checkout details: address'
09:40:43.651 DEBUG [TestNG-test-User interface-6] [customerCompletesAPurchase] i.a.q.c.e.UiElement - type 'Y4 3ZJ' on 'Checkout details: postcode'
09:40:43.679 WARN  [TestNG-test-User interface-6] [customerCompletesAPurchase] i.a.q.c.e.HealingLedger - [HEALED] Checkout details: continue — primary strategy failed (By.id: btn-continue), recovered with fallback #1 (By.cssSelector: [data-testid='continue'])
09:40:43.704 DEBUG [TestNG-test-User interface-4] [mandatoryFieldsAreEnforced] i.a.q.c.e.UiElement - click on 'Checkout details: continue'
09:40:43.727 DEBUG [TestNG-test-User interface-5] [malformedEmailIsRejected] i.a.q.c.e.UiElement - type 'Port Vincenzo' on 'Checkout details: city'
09:40:43.763 DEBUG [TestNG-test-User interface-4] [mandatoryFieldsAreEnforced] i.a.q.c.e.UiElement - read text on 'Checkout details: error banner'
09:40:43.764 INFO  [TestNG-test-User interface-4] [mandatoryFieldsAreEnforced] i.a.q.c.l.TestReportListener - ──────── PASS  mandatoryFieldsAreEnforced (5075 ms) ────────
09:40:43.841 DEBUG [TestNG-test-User interface-5] [malformedEmailIsRejected] i.a.q.c.e.UiElement - type 'Y4 3ZJ' on 'Checkout details: postcode'
09:40:43.851 DEBUG [TestNG-test-User interface-6] [customerCompletesAPurchase] i.a.q.c.e.UiElement - click on 'Checkout details: continue'
09:40:43.854 DEBUG [TestNG-test-User interface-4] [mandatoryFieldsAreEnforced] i.a.q.c.d.DriverManager - Active sessions: 3
09:40:43.872 WARN  [TestNG-test-User interface-5] [malformedEmailIsRejected] i.a.q.c.e.HealingLedger - [HEALED] Checkout details: continue — primary strategy failed (By.id: btn-continue), recovered with fallback #1 (By.cssSelector: [data-testid='continue'])
09:40:43.872 DEBUG [TestNG-test-User interface-6] [customerCompletesAPurchase] i.a.q.s.p.CheckoutReviewPage - 'Checkout Review Page' loaded at http://127.0.0.1:46265/checkout-review.html
09:40:43.903 DEBUG [TestNG-test-User interface-6] [customerCompletesAPurchase] i.a.q.c.e.UiElement - read text on 'Checkout review: delivery summary'
09:40:43.921 DEBUG [TestNG-test-User interface-5] [malformedEmailIsRejected] i.a.q.c.e.UiElement - click on 'Checkout details: continue'
09:40:43.925 DEBUG [TestNG-test-User interface-6] [customerCompletesAPurchase] i.a.q.c.e.UiElement - read text on 'Checkout review: grand total'
09:40:43.949 DEBUG [TestNG-test-User interface-6] [customerCompletesAPurchase] i.a.q.c.e.UiElement - read text on 'Cart: grand total'
09:40:43.960 DEBUG [TestNG-test-User interface-5] [malformedEmailIsRejected] i.a.q.c.e.UiElement - read text on 'Checkout details: error banner'
09:40:43.960 INFO  [TestNG-test-User interface-5] [malformedEmailIsRejected] i.a.q.c.l.TestReportListener - ──────── PASS  malformedEmailIsRejected (5828 ms) ────────
09:40:43.976 DEBUG [TestNG-test-User interface-6] [customerCompletesAPurchase] i.a.q.c.e.UiElement - read text on 'Checkout review: grand total'
09:40:44.007 DEBUG [TestNG-test-User interface-6] [customerCompletesAPurchase] i.a.q.c.e.UiElement - read text on 'Checkout review: grand total'
09:40:44.027 WARN  [TestNG-test-User interface-6] [customerCompletesAPurchase] i.a.q.c.e.HealingLedger - [HEALED] Checkout review: place order — primary strategy failed (By.id: btn-place-order), recovered with fallback #1 (By.cssSelector: [data-testid='place-order'])
09:40:44.043 DEBUG [TestNG-test-User interface-5] [malformedEmailIsRejected] i.a.q.c.d.DriverManager - Active sessions: 2
09:40:44.126 DEBUG [TestNG-test-User interface-6] [customerCompletesAPurchase] i.a.q.c.e.UiElement - click on 'Checkout review: place order'
09:40:44.147 DEBUG [TestNG-test-User interface-6] [customerCompletesAPurchase] i.a.q.s.p.OrderConfirmationPage - 'Order Confirmation Page' loaded at http://127.0.0.1:46265/checkout-complete.html
09:40:44.165 DEBUG [TestNG-test-User interface-6] [customerCompletesAPurchase] i.a.q.c.e.UiElement - read text on 'Confirmation: title'
09:40:44.186 DEBUG [TestNG-test-User interface-6] [customerCompletesAPurchase] i.a.q.c.e.UiElement - read text on 'Confirmation: order reference'
09:40:44.205 DEBUG [TestNG-test-User interface-6] [customerCompletesAPurchase] i.a.q.c.e.UiElement - read text on 'Confirmation: item count'
09:40:44.225 DEBUG [TestNG-test-User interface-6] [customerCompletesAPurchase] i.a.q.c.e.UiElement - read text on 'Confirmation: amount charged'
09:40:44.226 INFO  [TestNG-test-User interface-6] [customerCompletesAPurchase] i.a.q.c.l.TestReportListener - ──────── PASS  customerCompletesAPurchase (6977 ms) ────────
09:40:44.307 DEBUG [TestNG-test-User interface-6] [customerCompletesAPurchase] i.a.q.c.d.DriverManager - Active sessions: 1
09:40:57.521 WARN  [TestNG-test-User interface-3] [emptyingTheCartDisablesTheCheckout] i.a.q.c.e.HealingLedger - [HEALED] Cart: proceed to checkout — primary strategy failed (By.id: btn-checkout), recovered with fallback #1 (By.cssSelector: [data-testid='checkout'])
09:40:57.525 DEBUG [TestNG-test-User interface-3] [emptyingTheCartDisablesTheCheckout] i.a.q.c.e.UiElement - read enabled state on 'Cart: proceed to checkout'
09:40:57.526 INFO  [TestNG-test-User interface-3] [emptyingTheCartDisablesTheCheckout] i.a.q.c.l.TestReportListener - ──────── PASS  emptyingTheCartDisablesTheCheckout (20241 ms) ────────
09:40:57.613 DEBUG [TestNG-test-User interface-3] [emptyingTheCartDisablesTheCheckout] i.a.q.c.d.DriverManager - Active sessions: 0
09:40:57.945 INFO  [TestNG-test-Service layer-1] [catalogueHonoursItsSchema] i.a.q.c.l.TestReportListener - ──────── START catalogueHonoursItsSchema ────────
09:40:57.946 INFO  [TestNG-test-Service layer-3] [healthEndpointIsUp] i.a.q.c.l.TestReportListener - ──────── START healthEndpointIsUp ────────
09:40:57.946 INFO  [TestNG-test-Service layer-2] [everyProductIsRetrievableById] i.a.q.c.l.TestReportListener - ──────── START everyProductIsRetrievableById ────────
09:40:57.946 INFO  [TestNG-test-Service layer-4] [lockedAccountIsRefusedWithADedicatedStatus] i.a.q.c.l.TestReportListener - ──────── START lockedAccountIsRefusedWithADedicatedStatus ────────
09:40:57.949 INFO  [TestNG-test-Service layer-5] [readOnlyAccountHasNoCheckoutPermission] i.a.q.c.l.TestReportListener - ──────── START readOnlyAccountHasNoCheckoutPermission ────────
09:40:57.950 INFO  [TestNG-test-Service layer-6] [unknownProductReturnsNotFound] i.a.q.c.l.TestReportListener - ──────── START unknownProductReturnsNotFound ────────
09:40:58.468 INFO  [TestNG-test-Service layer-2] [everyProductIsRetrievableById] RestAssured - GET http://127.0.0.1:46265/api/products → 200 (185 ms)
09:40:58.468 INFO  [TestNG-test-Service layer-5] [readOnlyAccountHasNoCheckoutPermission] RestAssured - POST http://127.0.0.1:46265/api/auth/login → 200 (182 ms)
09:40:58.468 INFO  [TestNG-test-Service layer-3] [healthEndpointIsUp] RestAssured - GET http://127.0.0.1:46265/api/health → 200 (188 ms)
09:40:58.468 INFO  [TestNG-test-Service layer-4] [lockedAccountIsRefusedWithADedicatedStatus] RestAssured - POST http://127.0.0.1:46265/api/auth/login → 423 (183 ms)
09:40:58.469 INFO  [TestNG-test-Service layer-1] [catalogueHonoursItsSchema] RestAssured - GET http://127.0.0.1:46265/api/products → 200 (184 ms)
09:40:58.472 INFO  [TestNG-test-Service layer-6] [unknownProductReturnsNotFound] RestAssured - GET http://127.0.0.1:46265/api/products/ATL-999 → 404 (183 ms)
09:40:59.139 INFO  [TestNG-test-Service layer-5] [readOnlyAccountHasNoCheckoutPermission] i.a.q.c.l.TestReportListener - ──────── PASS  readOnlyAccountHasNoCheckoutPermission (1190 ms) ────────
09:40:59.140 INFO  [TestNG-test-Service layer-6] [unknownProductReturnsNotFound] i.a.q.c.l.TestReportListener - ──────── PASS  unknownProductReturnsNotFound (1191 ms) ────────
09:40:59.141 INFO  [TestNG-test-Service layer-4] [lockedAccountIsRefusedWithADedicatedStatus] i.a.q.c.l.TestReportListener - ──────── PASS  lockedAccountIsRefusedWithADedicatedStatus (1194 ms) ────────
09:40:59.141 INFO  [TestNG-test-Service layer-6] [wrongPasswordIsRefused] i.a.q.c.l.TestReportListener - ──────── START wrongPasswordIsRefused ────────
09:40:59.142 INFO  [TestNG-test-Service layer-3] [healthEndpointIsUp] i.a.q.c.l.TestReportListener - ──────── PASS  healthEndpointIsUp (1196 ms) ────────
09:40:59.146 INFO  [TestNG-test-Service layer-5] [validCredentialsReturnAToken] i.a.q.c.l.TestReportListener - ──────── START validCredentialsReturnAToken ────────
09:40:59.163 INFO  [TestNG-test-Service layer-1] [catalogueHonoursItsSchema] i.a.q.c.l.TestReportListener - ──────── PASS  catalogueHonoursItsSchema (1218 ms) ────────
09:40:59.167 INFO  [TestNG-test-Service layer-6] [wrongPasswordIsRefused] RestAssured - POST http://127.0.0.1:46265/api/auth/login → 401 (16 ms)
09:40:59.169 INFO  [TestNG-test-Service layer-2] [everyProductIsRetrievableById] RestAssured - GET http://127.0.0.1:46265/api/products/ATL-001 → 200 (19 ms)
09:40:59.171 INFO  [TestNG-test-Service layer-5] [validCredentialsReturnAToken] RestAssured - POST http://127.0.0.1:46265/api/auth/login → 200 (18 ms)
09:40:59.177 INFO  [TestNG-test-Service layer-6] [wrongPasswordIsRefused] i.a.q.c.l.TestReportListener - ──────── PASS  wrongPasswordIsRefused (36 ms) ────────
09:40:59.194 INFO  [TestNG-test-Service layer-5] [validCredentialsReturnAToken] i.a.q.c.l.TestReportListener - ──────── PASS  validCredentialsReturnAToken (50 ms) ────────
09:40:59.200 INFO  [TestNG-test-Service layer-2] [everyProductIsRetrievableById] RestAssured - GET http://127.0.0.1:46265/api/products/ATL-002 → 200 (11 ms)
09:40:59.226 INFO  [TestNG-test-Service layer-2] [everyProductIsRetrievableById] RestAssured - GET http://127.0.0.1:46265/api/products/ATL-003 → 200 (12 ms)
09:40:59.248 INFO  [TestNG-test-Service layer-2] [everyProductIsRetrievableById] RestAssured - GET http://127.0.0.1:46265/api/products/ATL-004 → 200 (8 ms)
09:40:59.268 INFO  [TestNG-test-Service layer-2] [everyProductIsRetrievableById] RestAssured - GET http://127.0.0.1:46265/api/products/ATL-005 → 200 (7 ms)
09:40:59.288 INFO  [TestNG-test-Service layer-2] [everyProductIsRetrievableById] RestAssured - GET http://127.0.0.1:46265/api/products/ATL-006 → 200 (8 ms)
09:40:59.313 INFO  [TestNG-test-Service layer-2] [everyProductIsRetrievableById] RestAssured - GET http://127.0.0.1:46265/api/products/ATL-007 → 200 (8 ms)
09:40:59.333 INFO  [TestNG-test-Service layer-2] [everyProductIsRetrievableById] RestAssured - GET http://127.0.0.1:46265/api/products/ATL-008 → 200 (8 ms)
09:40:59.342 INFO  [TestNG-test-Service layer-2] [everyProductIsRetrievableById] i.a.q.c.l.TestReportListener - ──────── PASS  everyProductIsRetrievableById (1396 ms) ────────
09:40:59.624 INFO  [main] [] i.a.q.c.r.ReportManager - Report flushed to /home/runner/work/atlas-test-framework/atlas-test-framework/target/atlas-report/index.html
09:40:59.625 WARN  [main] [] i.a.q.c.l.SuiteLifecycleListener - Locator health: 4 element(s) required a fallback during this run
09:40:59.626 WARN  [main] [] i.a.q.c.l.SuiteLifecycleListener - Maintenance backlog written to /home/runner/work/atlas-test-framework/atlas-test-framework/target/atlas-report/locator-backlog.md
09:40:59.626 INFO  [main] [] i.a.q.c.l.SuiteLifecycleListener - Suite 'ATLAS · regression' finished
09:40:59.750 INFO  [atlas-sandbox-shutdown] [] i.a.q.c.s.SandboxServer - Sandbox application under test stopped
